06-05-2025 16:03:45: System.ArgumentException: Type of value has a mismatch with column typeCouldn't store <data:image/png;base64,/9j/4AAQSkZJRgABAQEAAAAAAAD/2wBDAAYEBQYFBAYGBQYHBwYIChAKCgkJChQODwwQFxQYGBcUFhYaHSUfGhsjHBYWICwgIyYnKSopGR8tMC0oMCUoKSj/2wBDAQcHBwoIChMKChMoGhYaKCgoKCgoKCgoKCgoKCgoKCgoKCgoKCgoKCgoKCgoKCgoKCgoKCgoKCgoKCgoKCgoKCj/wAARCAEuAMgDASIAAhEBAxEB/8QAHwAAAQUBAQEBAQEAAAAAAAAAAAECAwQFBgcICQoL/8QAtRAAAgEDAwIEAwUFBAQAAAF9AQIDAAQRBRIhMUEGE1FhByJxFDKBkaEII0KxwRVS0fAkM2JyggkKFhcYGRolJicoKSo0NTY3ODk6Q0RFRkdISUpTVFVWV1hZWmNkZWZnaGlqc3R1dnd4eXqDhIWGh4iJipKTlJWWl5iZmqKjpKWmp6ipqrKztLW2t7i5usLDxMXGx8jJytLT1NXW19jZ2uHi4+Tl5ufo6erx8vP09fb3+Pn6/8QAHwEAAwEBAQEBAQEBAQAAAAAAAAECAwQFBgcICQoL/8QAtREAAgECBAQDBAcFBAQAAQJ3AAECAxEEBSExBhJBUQdhcRMiMoEIFEKRobHBCSMzUvAVYnLRChYkNOEl8RcYGRomJygpKjU2Nzg5OkNERUZHSElKU1RVVldYWVpjZGVmZ2hpanN0dXZ3eHl6goOEhYaHiImKkpOUlZaXmJmaoqOkpaanqKmqsrO0tba3uLm6wsPExcbHyMnK0tPU1dbX2Nna4uPk5ebn6Onq8vP09fb3+Pn6/9oADAMBAAIRAxEAPwD5vxmpIsKwJpwUFRxzQRtYE96VwFlClffjmrkPlMY1uQdhONy/z/QVBPGPLUjgdK0rOGGfTlDEghvmwOee+ayqS0Gjd8LFLPVvst0RtlAaMlep9D7/AOFekrp0F6lu27bIudrgjKHHGD+FeT32lX1nZRXKP5iqwbegwyHoOfy...> in BookImage Column.  Expected type is Byte[]. ---> System.ArgumentException: Type of value has a mismatch with column type
   at System.Data.Common.ObjectStorage.Set(Int32 recordNo, Object value)
   at System.Data.DataColumn.set_Item(Int32 record, Object value)
   --- End of inner exception stack trace ---
   at System.Data.DataColumn.set_Item(Int32 record, Object value)
   at System.Data.DataRow.set_Item(DataColumn column, Object value)
   at finalyearproject.youraccount.LoadOrderDetails() in C:\Users\surut\Desktop\sadhika\New folder\finalyearproject1\youraccount.aspx.cs:line 105
06-05-2025 16:04:18: System.ArgumentException: Type of value has a mismatch with column typeCouldn't store <data:image/png;base64,/9j/4AAQSkZJRgABAQEAAAAAAAD/2wBDAAYEBQYFBAYGBQYHBwYIChAKCgkJChQODwwQFxQYGBcUFhYaHSUfGhsjHBYWICwgIyYnKSopGR8tMC0oMCUoKSj/2wBDAQcHBwoIChMKChMoGhYaKCgoKCgoKCgoKCgoKCgoKCgoKCgoKCgoKCgoKCgoKCgoKCgoKCgoKCgoKCgoKCgoKCj/wAARCAEuAMgDASIAAhEBAxEB/8QAHwAAAQUBAQEBAQEAAAAAAAAAAAECAwQFBgcICQoL/8QAtRAAAgEDAwIEAwUFBAQAAAF9AQIDAAQRBRIhMUEGE1FhByJxFDKBkaEII0KxwRVS0fAkM2JyggkKFhcYGRolJicoKSo0NTY3ODk6Q0RFRkdISUpTVFVWV1hZWmNkZWZnaGlqc3R1dnd4eXqDhIWGh4iJipKTlJWWl5iZmqKjpKWmp6ipqrKztLW2t7i5usLDxMXGx8jJytLT1NXW19jZ2uHi4+Tl5ufo6erx8vP09fb3+Pn6/8QAHwEAAwEBAQEBAQEBAQAAAAAAAAECAwQFBgcICQoL/8QAtREAAgECBAQDBAcFBAQAAQJ3AAECAxEEBSExBhJBUQdhcRMiMoEIFEKRobHBCSMzUvAVYnLRChYkNOEl8RcYGRomJygpKjU2Nzg5OkNERUZHSElKU1RVVldYWVpjZGVmZ2hpanN0dXZ3eHl6goOEhYaHiImKkpOUlZaXmJmaoqOkpaanqKmqsrO0tba3uLm6wsPExcbHyMnK0tPU1dbX2Nna4uPk5ebn6Onq8vP09fb3+Pn6/9oADAMBAAIRAxEAPwD5vxmpIsKwJpwUFRxzQRtYE96VwFlClffjmrkPlMY1uQdhONy/z/QVBPGPLUjgdK0rOGGfTlDEghvmwOee+ayqS0Gjd8LFLPVvst0RtlAaMlep9D7/AOFekrp0F6lu27bIudrgjKHHGD+FeT32lX1nZRXKP5iqwbegwyHoOfy...> in BookImage Column.  Expected type is Byte[]. ---> System.ArgumentException: Type of value has a mismatch with column type
   at System.Data.Common.ObjectStorage.Set(Int32 recordNo, Object value)
   at System.Data.DataColumn.set_Item(Int32 record, Object value)
   --- End of inner exception stack trace ---
   at System.Data.DataColumn.set_Item(Int32 record, Object value)
   at System.Data.DataRow.set_Item(DataColumn column, Object value)
   at finalyearproject.youraccount.LoadOrderDetails() in C:\Users\surut\Desktop\sadhika\New folder\finalyearproject1\youraccount.aspx.cs:line 105
